<html>
<body>
<pre>
<h1>礦ision Build Log</h1>
<h2>Tool Versions:</h2>
IDE-Version: μVision V5.17.0.0
Copyright (C) 2015 ARM Ltd and ARM Germany GmbH. All rights reserved.
License Information: MK Microsoft, Microsoft, LIC=2TTNN-YNEAU-REPH3-A36D4-S94ML-QMGC8
 
Tool Versions:
Toolchain:       MDK-ARM Professional  Version: 5.17
Toolchain Path:  C:\Keil_v5\ARM\ARMCC\Bin
C Compiler:      Armcc.exe V5.06 update 1 (build 61)
Assembler:       Armasm.exe V5.06 update 1 (build 61)
Linker/Locator:  ArmLink.exe V5.06 update 1 (build 61)
Library Manager: ArmAr.exe V5.06 update 1 (build 61)
Hex Converter:   FromElf.exe V5.06 update 1 (build 61)
CPU DLL:         SARMCM3.DLL V5.17
Dialog DLL:      DCM.DLL V1.13.4.0
Target DLL:      Segger\JL2CM3.dll V2.99.16.0
Dialog DLL:      TCM.DLL V1.14.6.0
 
<h2>Project:</h2>
Y:\_inbox_\电子部git培训\git_temp\Boot_Loader\Boot_MCU\1_Proj_K66\Boot.uvprojx
Project File Date:  02/09/2018

<h2>Output:</h2>
*** Using Compiler 'V5.06 update 1 (build 61)', folder: 'C:\Keil_v5\ARM\ARMCC\Bin'
Rebuild target 'Boot'
compiling CtlBoot.c...
compiling main.c...
compiling CtlFpga.c...
compiling DevDbg.c...
compiling DevAcu.c...
compiling DrvCan.c...
compiling DrvTimer.c...
compiling DrvUart.c...
compiling DrvDbg.c...
compiling DrvUpDate.c...
compiling DrvFlash.c...
compiling DrvCfg.c...
compiling fsl_clock.c...
compiling fsl_common.c...
compiling fsl_dmamux.c...
compiling fsl_edma.c...
compiling fsl_flash.c...
compiling fsl_flexcan.c...
compiling fsl_gpio.c...
compiling fsl_tpm.c...
compiling fsl_uart.c...
compiling fsl_uart_edma.c...
compiling fsl_dma_manager.c...
assembling startup_MK66F18.s...
compiling fsl_pit.c...
compiling system_MK66F18.c...
linking...
Program Size: Code=21666 RO-data=1542 RW-data=128 ZI-data=11248  
FromELF: creating hex file...
".\Output\Boot_K66.axf" - 0 Error(s), 0 Warning(s).

<h2>Collection of Component include folders:</h2>
  Y:\_inbox_\电子部git培训\git_temp\Boot_Loader\Boot_MCU\1_Proj_K66\RTE
  C:\Keil_v5\ARM\PACK\Keil\Kinetis_K60_DFP\1.4.0\Device\Include

<h2>Collection of Component Files used:</h2>
Build Time Elapsed:  00:00:21
</pre>
</body>
</html>
